// Vitest Snapshot v1, https://vitest.dev/guide/snapshot.html

exports[`setup-prettier 1`] = `
"
[34m[1m setup-prettier[22m[39m

 [32mprettier and prettier-config-one added![39m
"
`;
